[
    Statement {
        kind: FullOpeningTag(
            FullOpeningTagStatement {
                span: Span {
                    start: 0,
                    end: 5,
                },
            },
        ),
        span: Span {
            start: 0,
            end: 5,
        },
        comments: CommentGroup {
            comments: [],
        },
    },
    Statement {
        kind: Use(
            UseStatement {
                kind: Normal,
                uses: [
                    Use {
                        name: Name {
                            kind: Resolved(
                                ResolvedName {
                                    resolved: Symbol("Foo\Bar"),
                                    original: Symbol("Foo\Bar"),
                                },
                            ),
                            span: Span {
                                start: 11,
                                end: 18,
                            },
                        },
                        alias: None,
                        kind: None,
                    },
                ],
            },
        ),
        span: Span {
            start: 7,
            end: 19,
        },
        comments: CommentGroup {
            comments: [],
        },
    },
    Statement {
        kind: Class(
            ClassStatement {
                attributes: [
                    AttributeGroup {
                        span: Span {
                            start: 21,
                            end: 27,
                        },
                        members: [
                            Attribute {
                                span: Span {
                                    start: 23,
                                    end: 27,
                                },
                                name: Name {
                                    kind: Resolved(
                                        ResolvedName {
                                            resolved: Symbol("Foo\Bar"),
                                            original: Symbol("Bar"),
                                        },
                                    ),
                                    span: Span {
                                        start: 23,
                                        end: 26,
                                    },
                                },
                                arguments: None,
                            },
                        ],
                    },
                ],
                modifiers: ClassModifierGroup {
                    modifiers: [],
                },
                class: Span {
                    start: 28,
                    end: 33,
                },
                name: Name {
                    kind: Resolved(
                        ResolvedName {
                            resolved: Symbol("Foo"),
                            original: Symbol("Foo"),
                        },
                    ),
                    span: Span {
                        start: 34,
                        end: 37,
                    },
                },
                extends: None,
                implements: None,
                body: ClassBody {
                    left_brace: Span {
                        start: 38,
                        end: 39,
                    },
                    members: [],
                    right_brace: Span {
                        start: 39,
                        end: 40,
                    },
                },
            },
        ),
        span: Span {
            start: 21,
            end: 40,
        },
        comments: CommentGroup {
            comments: [],
        },
    },
]
---
