[
    Statement {
        id: 2,
        kind: FullOpeningTag(
            FullOpeningTagStatement {
                id: 1,
                span: Span {
                    start: 0,
                    end: 5,
                },
            },
        ),
        span: Span {
            start: 0,
            end: 5,
        },
        comments: CommentGroup {
            comments: [],
        },
    },
    Statement {
        id: 21,
        kind: Expression(
            ExpressionStatement {
                id: 20,
                span: Span {
                    start: 16,
                    end: 31,
                },
                expression: Expression {
                    id: 9,
                    kind: ComparisonOperation(
                        ComparisonOperationExpression {
                            id: 7,
                            span: Span {
                                start: 7,
                                end: 18,
                            },
                            kind: NotIdentical {
                                id: 8,
                                left: Expression {
                                    id: 3,
                                    kind: Bool(
                                        BoolExpression {
                                            id: 4,
                                            span: Span {
                                                start: 7,
                                                end: 11,
                                            },
                                            value: Token {
                                                kind: True,
                                                span: Span {
                                                    start: 7,
                                                    end: 11,
                                                },
                                                symbol: Some(
                                                    "true",
                                                ),
                                            },
                                        },
                                    ),
                                    span: Span {
                                        start: 7,
                                        end: 11,
                                    },
                                    comments: CommentGroup {
                                        comments: [],
                                    },
                                },
                                bang_double_equals: Span {
                                    start: 12,
                                    end: 15,
                                },
                                right: Expression {
                                    id: 19,
                                    kind: AssignmentOperation(
                                        AssignmentOperationExpression {
                                            id: 17,
                                            span: Span {
                                                start: 0,
                                                end: 0,
                                            },
                                            kind: Assign {
                                                id: 18,
                                                left: Expression {
                                                    id: 5,
                                                    kind: Variable(
                                                        SimpleVariable(
                                                            SimpleVariable {
                                                                id: 6,
                                                                symbol: "$a",
                                                                stripped: "a",
                                                                span: Span {
                                                                    start: 16,
                                                                    end: 18,
                                                                },
                                                            },
                                                        ),
                                                    ),
                                                    span: Span {
                                                        start: 16,
                                                        end: 18,
                                                    },
                                                    comments: CommentGroup {
                                                        comments: [],
                                                    },
                                                },
                                                equals: Span {
                                                    start: 19,
                                                    end: 20,
                                                },
                                                right: Expression {
                                                    id: 16,
                                                    kind: AssignmentOperation(
                                                        AssignmentOperationExpression {
                                                            id: 14,
                                                            span: Span {
                                                                start: 21,
                                                                end: 30,
                                                            },
                                                            kind: Assign {
                                                                id: 15,
                                                                left: Expression {
                                                                    id: 10,
                                                                    kind: Variable(
                                                                        SimpleVariable(
                                                                            SimpleVariable {
                                                                                id: 11,
                                                                                symbol: "$b",
                                                                                stripped: "b",
                                                                                span: Span {
                                                                                    start: 21,
                                                                                    end: 23,
                                                                                },
                                                                            },
                                                                        ),
                                                                    ),
                                                                    span: Span {
                                                                        start: 21,
                                                                        end: 23,
                                                                    },
                                                                    comments: CommentGroup {
                                                                        comments: [],
                                                                    },
                                                                },
                                                                equals: Span {
                                                                    start: 24,
                                                                    end: 25,
                                                                },
                                                                right: Expression {
                                                                    id: 12,
                                                                    kind: Bool(
                                                                        BoolExpression {
                                                                            id: 13,
                                                                            span: Span {
                                                                                start: 26,
                                                                                end: 30,
                                                                            },
                                                                            value: Token {
                                                                                kind: True,
                                                                                span: Span {
                                                                                    start: 26,
                                                                                    end: 30,
                                                                                },
                                                                                symbol: Some(
                                                                                    "true",
                                                                                ),
                                                                            },
                                                                        },
                                                                    ),
                                                                    span: Span {
                                                                        start: 26,
                                                                        end: 30,
                                                                    },
                                                                    comments: CommentGroup {
                                                                        comments: [],
                                                                    },
                                                                },
                                                            },
                                                        },
                                                    ),
                                                    span: Span {
                                                        start: 26,
                                                        end: 30,
                                                    },
                                                    comments: CommentGroup {
                                                        comments: [],
                                                    },
                                                },
                                            },
                                        },
                                    ),
                                    span: Span {
                                        start: 0,
                                        end: 0,
                                    },
                                    comments: CommentGroup {
                                        comments: [],
                                    },
                                },
                            },
                        },
                    ),
                    span: Span {
                        start: 16,
                        end: 18,
                    },
                    comments: CommentGroup {
                        comments: [],
                    },
                },
                ending: Semicolon(
                    Span {
                        start: 30,
                        end: 31,
                    },
                ),
            },
        ),
        span: Span {
            start: 16,
            end: 31,
        },
        comments: CommentGroup {
            comments: [],
        },
    },
]
---
