[
    Statement {
        id: 2,
        kind: FullOpeningTag(
            FullOpeningTagStatement {
                span: Span {
                    start: 0,
                    end: 5,
                },
            },
        ),
        span: Span {
            start: 0,
            end: 5,
        },
        comments: CommentGroup {
            comments: [],
        },
    },
    Statement {
        id: 7,
        kind: Expression(
            ExpressionStatement {
                expression: Expression {
                    id: 6,
                    kind: AssignmentOperation(
                        Assign {
                            left: Expression {
                                id: 3,
                                kind: Variable(
                                    SimpleVariable(
                                        SimpleVariable {
                                            symbol: Symbol("$a"),
                                            span: Span {
                                                start: 7,
                                                end: 9,
                                            },
                                        },
                                    ),
                                ),
                                span: Span {
                                    start: 7,
                                    end: 9,
                                },
                                comments: CommentGroup {
                                    comments: [],
                                },
                            },
                            equals: Span {
                                start: 10,
                                end: 11,
                            },
                            right: Expression {
                                id: 5,
                                kind: BitwiseOperation(
                                    Not {
                                        not: Span {
                                            start: 12,
                                            end: 13,
                                        },
                                        right: Expression {
                                            id: 4,
                                            kind: Variable(
                                                SimpleVariable(
                                                    SimpleVariable {
                                                        symbol: Symbol("$b"),
                                                        span: Span {
                                                            start: 13,
                                                            end: 15,
                                                        },
                                                    },
                                                ),
                                            ),
                                            span: Span {
                                                start: 13,
                                                end: 15,
                                            },
                                            comments: CommentGroup {
                                                comments: [],
                                            },
                                        },
                                    },
                                ),
                                span: Span {
                                    start: 12,
                                    end: 15,
                                },
                                comments: CommentGroup {
                                    comments: [],
                                },
                            },
                        },
                    ),
                    span: Span {
                        start: 12,
                        end: 15,
                    },
                    comments: CommentGroup {
                        comments: [],
                    },
                },
                ending: Semicolon(
                    Span {
                        start: 15,
                        end: 16,
                    },
                ),
            },
        ),
        span: Span {
            start: 7,
            end: 16,
        },
        comments: CommentGroup {
            comments: [],
        },
    },
]
---
