[
    Statement {
        id: 2,
        kind: FullOpeningTag(
            FullOpeningTagStatement {
                span: Span {
                    start: 0,
                    end: 5,
                },
            },
        ),
        span: Span {
            start: 0,
            end: 5,
        },
        comments: CommentGroup {
            comments: [],
        },
    },
    Statement {
        id: 4,
        kind: Namespace(
            Braced(
                BracedNamespace {
                    namespace: Span {
                        start: 7,
                        end: 16,
                    },
                    name: Some(
                        SimpleIdentifier {
                            id: 3,
                            symbol: Symbol("Foo"),
                            parts: [
                                Symbol("Foo"),
                            ],
                            qualification: Unqualified,
                            span: Span {
                                start: 17,
                                end: 20,
                            },
                        },
                    ),
                    body: BracedNamespaceBody {
                        start: Span {
                            start: 21,
                            end: 22,
                        },
                        end: Span {
                            start: 28,
                            end: 29,
                        },
                        statements: [],
                    },
                },
            ),
        ),
        span: Span {
            start: 7,
            end: 29,
        },
        comments: CommentGroup {
            comments: [],
        },
    },
]
---
