[
    Statement {
        kind: FullOpeningTag(
            FullOpeningTagStatement {
                span: Span {
                    start: 0,
                    end: 5,
                },
            },
        ),
        span: Span {
            start: 0,
            end: 5,
        },
        comments: CommentGroup {
            comments: [],
        },
    },
    Statement {
        kind: Use(
            UseStatement {
                kind: Normal,
                uses: [
                    Use {
                        name: Name {
                            kind: Resolved(
                                ResolvedName {
                                    resolved: Symbol("Foo\Baz"),
                                    original: Symbol("Foo\Baz"),
                                },
                            ),
                            span: Span {
                                start: 11,
                                end: 18,
                            },
                        },
                        alias: None,
                        kind: None,
                    },
                ],
            },
        ),
        span: Span {
            start: 7,
            end: 19,
        },
        comments: CommentGroup {
            comments: [],
        },
    },
    Statement {
        kind: Class(
            ClassStatement {
                attributes: [],
                modifiers: ClassModifierGroup {
                    modifiers: [],
                },
                class: Span {
                    start: 21,
                    end: 26,
                },
                name: Name {
                    kind: Resolved(
                        ResolvedName {
                            resolved: Symbol("Foo"),
                            original: Symbol("Foo"),
                        },
                    ),
                    span: Span {
                        start: 27,
                        end: 30,
                    },
                },
                extends: Some(
                    ClassExtends {
                        extends: Span {
                            start: 31,
                            end: 38,
                        },
                        parent: Name {
                            kind: Resolved(
                                ResolvedName {
                                    resolved: Symbol("Foo\Baz"),
                                    original: Symbol("Baz"),
                                },
                            ),
                            span: Span {
                                start: 39,
                                end: 42,
                            },
                        },
                    },
                ),
                implements: None,
                body: ClassBody {
                    left_brace: Span {
                        start: 43,
                        end: 44,
                    },
                    members: [],
                    right_brace: Span {
                        start: 52,
                        end: 53,
                    },
                },
            },
        ),
        span: Span {
            start: 21,
            end: 53,
        },
        comments: CommentGroup {
            comments: [],
        },
    },
]
---
