[
    Statement {
        id: 2,
        kind: FullOpeningTag(
            FullOpeningTagStatement {
                span: Span {
                    start: 0,
                    end: 5,
                },
            },
        ),
        span: Span {
            start: 0,
            end: 5,
        },
        comments: CommentGroup {
            comments: [],
        },
    },
    Statement {
        id: 7,
        kind: Class(
            ClassStatement {
                attributes: [],
                modifiers: ClassModifierGroup {
                    modifiers: [],
                },
                class: Span {
                    start: 7,
                    end: 12,
                },
                name: SimpleIdentifier {
                    id: 3,
                    symbol: Symbol("Foo"),
                    span: Span {
                        start: 13,
                        end: 16,
                    },
                },
                extends: Some(
                    ClassExtends {
                        extends: Span {
                            start: 17,
                            end: 24,
                        },
                        parent: SimpleIdentifier {
                            id: 4,
                            symbol: Symbol("Bar"),
                            span: Span {
                                start: 25,
                                end: 28,
                            },
                        },
                    },
                ),
                implements: Some(
                    ClassImplements {
                        implements: Span {
                            start: 29,
                            end: 39,
                        },
                        interfaces: CommaSeparated {
                            inner: [
                                SimpleIdentifier {
                                    id: 5,
                                    symbol: Symbol("Baz"),
                                    span: Span {
                                        start: 40,
                                        end: 43,
                                    },
                                },
                                SimpleIdentifier {
                                    id: 6,
                                    symbol: Symbol("Qux"),
                                    span: Span {
                                        start: 45,
                                        end: 48,
                                    },
                                },
                            ],
                            commas: [
                                Span {
                                    start: 43,
                                    end: 44,
                                },
                            ],
                        },
                    },
                ),
                body: ClassBody {
                    left_brace: Span {
                        start: 49,
                        end: 50,
                    },
                    members: [],
                    right_brace: Span {
                        start: 50,
                        end: 51,
                    },
                },
            },
        ),
        span: Span {
            start: 7,
            end: 51,
        },
        comments: CommentGroup {
            comments: [],
        },
    },
]
---
