[
    Statement {
        kind: FullOpeningTag(
            FullOpeningTagStatement {
                span: Span {
                    start: 0,
                    end: 5,
                },
            },
        ),
        span: Span {
            start: 0,
            end: 5,
        },
        comments: CommentGroup {
            comments: [],
        },
    },
    Statement {
        kind: Use(
            UseStatement {
                kind: Normal,
                uses: [
                    Use {
                        name: Name {
                            kind: Resolved(
                                ResolvedName {
                                    resolved: Symbol("Foo\Bar"),
                                    original: Symbol("Foo\Bar"),
                                },
                            ),
                            span: Span {
                                start: 11,
                                end: 18,
                            },
                        },
                        alias: Some(
                            SimpleIdentifier {
                                symbol: Symbol("Qux"),
                                span: Span {
                                    start: 22,
                                    end: 25,
                                },
                            },
                        ),
                        kind: None,
                    },
                ],
            },
        ),
        span: Span {
            start: 7,
            end: 26,
        },
        comments: CommentGroup {
            comments: [],
        },
    },
    Statement {
        kind: Class(
            ClassStatement {
                attributes: [],
                modifiers: ClassModifierGroup {
                    modifiers: [],
                },
                class: Span {
                    start: 28,
                    end: 33,
                },
                name: Name {
                    kind: Resolved(
                        ResolvedName {
                            resolved: Symbol("Baz"),
                            original: Symbol("Baz"),
                        },
                    ),
                    span: Span {
                        start: 34,
                        end: 37,
                    },
                },
                extends: None,
                implements: Some(
                    ClassImplements {
                        implements: Span {
                            start: 38,
                            end: 48,
                        },
                        interfaces: CommaSeparated {
                            inner: [
                                Name {
                                    kind: Resolved(
                                        ResolvedName {
                                            resolved: Symbol("Foo\Bar\Foo"),
                                            original: Symbol("Qux\Foo"),
                                        },
                                    ),
                                    span: Span {
                                        start: 49,
                                        end: 56,
                                    },
                                },
                            ],
                            commas: [],
                        },
                    },
                ),
                body: ClassBody {
                    left_brace: Span {
                        start: 57,
                        end: 58,
                    },
                    members: [],
                    right_brace: Span {
                        start: 58,
                        end: 59,
                    },
                },
            },
        ),
        span: Span {
            start: 28,
            end: 59,
        },
        comments: CommentGroup {
            comments: [],
        },
    },
]
---
