[
    Statement {
        id: 2,
        kind: FullOpeningTag(
            FullOpeningTagStatement {
                span: Span {
                    start: 0,
                    end: 5,
                },
            },
        ),
        span: Span {
            start: 0,
            end: 5,
        },
        comments: CommentGroup {
            comments: [],
        },
    },
    Statement {
        id: 7,
        kind: Class(
            ClassStatement {
                attributes: [
                    AttributeGroup {
                        span: Span {
                            start: 7,
                            end: 13,
                        },
                        members: [
                            Attribute {
                                span: Span {
                                    start: 9,
                                    end: 13,
                                },
                                name: SimpleIdentifier {
                                    id: 3,
                                    symbol: Symbol("Bar"),
                                    parts: [
                                        Symbol("Bar"),
                                    ],
                                    qualification: Unqualified,
                                    span: Span {
                                        start: 9,
                                        end: 12,
                                    },
                                },
                                arguments: None,
                            },
                        ],
                    },
                    AttributeGroup {
                        span: Span {
                            start: 14,
                            end: 25,
                        },
                        members: [
                            Attribute {
                                span: Span {
                                    start: 16,
                                    end: 20,
                                },
                                name: SimpleIdentifier {
                                    id: 4,
                                    symbol: Symbol("Baz"),
                                    parts: [
                                        Symbol("Baz"),
                                    ],
                                    qualification: Unqualified,
                                    span: Span {
                                        start: 16,
                                        end: 19,
                                    },
                                },
                                arguments: None,
                            },
                            Attribute {
                                span: Span {
                                    start: 21,
                                    end: 25,
                                },
                                name: SimpleIdentifier {
                                    id: 5,
                                    symbol: Symbol("Qux"),
                                    parts: [
                                        Symbol("Qux"),
                                    ],
                                    qualification: Unqualified,
                                    span: Span {
                                        start: 21,
                                        end: 24,
                                    },
                                },
                                arguments: None,
                            },
                        ],
                    },
                ],
                modifiers: ClassModifierGroup {
                    modifiers: [],
                },
                class: Span {
                    start: 26,
                    end: 31,
                },
                name: SimpleIdentifier {
                    id: 6,
                    symbol: Symbol("Foo"),
                    parts: [
                        Symbol("Foo"),
                    ],
                    qualification: Unqualified,
                    span: Span {
                        start: 32,
                        end: 35,
                    },
                },
                extends: None,
                implements: None,
                body: ClassBody {
                    left_brace: Span {
                        start: 36,
                        end: 37,
                    },
                    members: [],
                    right_brace: Span {
                        start: 43,
                        end: 44,
                    },
                },
            },
        ),
        span: Span {
            start: 7,
            end: 44,
        },
        comments: CommentGroup {
            comments: [],
        },
    },
]
---
