[
    Statement {
        id: 2,
        kind: FullOpeningTag(
            FullOpeningTagStatement {
                span: Span {
                    start: 0,
                    end: 5,
                },
            },
        ),
        span: Span {
            start: 0,
            end: 5,
        },
        comments: CommentGroup {
            comments: [],
        },
    },
    Statement {
        id: 5,
        kind: Class(
            ClassStatement {
                attributes: [],
                modifiers: ClassModifierGroup {
                    modifiers: [],
                },
                class: Span {
                    start: 7,
                    end: 12,
                },
                name: SimpleIdentifier {
                    id: 3,
                    symbol: Symbol("Foo"),
                    span: Span {
                        start: 13,
                        end: 16,
                    },
                },
                extends: Some(
                    ClassExtends {
                        extends: Span {
                            start: 17,
                            end: 24,
                        },
                        parent: SimpleIdentifier {
                            id: 4,
                            symbol: Symbol("Bar"),
                            span: Span {
                                start: 25,
                                end: 28,
                            },
                        },
                    },
                ),
                implements: None,
                body: ClassBody {
                    left_brace: Span {
                        start: 29,
                        end: 30,
                    },
                    members: [],
                    right_brace: Span {
                        start: 30,
                        end: 31,
                    },
                },
            },
        ),
        span: Span {
            start: 7,
            end: 31,
        },
        comments: CommentGroup {
            comments: [],
        },
    },
]
---
