[
    Statement {
        id: 2,
        kind: FullOpeningTag(
            FullOpeningTagStatement {
                span: Span {
                    start: 0,
                    end: 5,
                },
            },
        ),
        span: Span {
            start: 0,
            end: 5,
        },
        comments: CommentGroup {
            comments: [],
        },
    },
    Statement {
        id: 7,
        kind: Expression(
            ExpressionStatement {
                expression: Expression {
                    id: 6,
                    kind: ConstantFetch(
                        ConstantFetchExpression {
                            target: Expression {
                                id: 4,
                                kind: Identifier(
                                    SimpleIdentifier(
                                        SimpleIdentifier {
                                            id: 3,
                                            symbol: Symbol("Foo"),
                                            span: Span {
                                                start: 7,
                                                end: 10,
                                            },
                                        },
                                    ),
                                ),
                                span: Span {
                                    start: 7,
                                    end: 10,
                                },
                                comments: CommentGroup {
                                    comments: [],
                                },
                            },
                            double_colon: Span {
                                start: 10,
                                end: 12,
                            },
                            constant: DynamicIdentifier(
                                DynamicIdentifier {
                                    span: Span {
                                        start: 12,
                                        end: 18,
                                    },
                                    expr: Expression {
                                        id: 5,
                                        kind: Variable(
                                            SimpleVariable(
                                                SimpleVariable {
                                                    symbol: Symbol("$foo"),
                                                    span: Span {
                                                        start: 13,
                                                        end: 17,
                                                    },
                                                },
                                            ),
                                        ),
                                        span: Span {
                                            start: 13,
                                            end: 17,
                                        },
                                        comments: CommentGroup {
                                            comments: [],
                                        },
                                    },
                                },
                            ),
                        },
                    ),
                    span: Span {
                        start: 10,
                        end: 18,
                    },
                    comments: CommentGroup {
                        comments: [],
                    },
                },
                ending: Semicolon(
                    Span {
                        start: 18,
                        end: 19,
                    },
                ),
            },
        ),
        span: Span {
            start: 7,
            end: 19,
        },
        comments: CommentGroup {
            comments: [],
        },
    },
]
---
