[
    Statement {
        id: 2,
        kind: EchoOpeningTag(
            EchoOpeningTagStatement {
                id: 1,
                span: Span {
                    start: 0,
                    end: 3,
                },
            },
        ),
        span: Span {
            start: 0,
            end: 3,
        },
        comments: CommentGroup {
            comments: [],
        },
    },
    Statement {
        id: 4,
        kind: ClosingTag(
            ClosingTagStatement {
                id: 3,
                span: Span {
                    start: 5,
                    end: 7,
                },
            },
        ),
        span: Span {
            start: 5,
            end: 7,
        },
        comments: CommentGroup {
            comments: [],
        },
    },
]
---
