[
    Statement {
        id: 2,
        kind: FullOpeningTag(
            FullOpeningTagStatement {
                id: 1,
                span: Span {
                    start: 0,
                    end: 5,
                },
            },
        ),
        span: Span {
            start: 0,
            end: 5,
        },
        comments: CommentGroup {
            comments: [],
        },
    },
    Statement {
        id: 6,
        kind: Echo(
            EchoStatement {
                id: 5,
                span: Span {
                    start: 7,
                    end: 25,
                },
                echo: Span {
                    start: 7,
                    end: 11,
                },
                values: [
                    Expression {
                        id: 3,
                        kind: Literal(
                            Literal {
                                id: 4,
                                span: Span {
                                    start: 13,
                                    end: 25,
                                },
                                kind: String,
                                token: Token {
                                    kind: LiteralDoubleQuotedString,
                                    span: Span {
                                        start: 13,
                                        end: 25,
                                    },
                                    symbol: Some(
                                        "Hello, world",
                                    ),
                                },
                            },
                        ),
                        span: Span {
                            start: 13,
                            end: 25,
                        },
                        comments: CommentGroup {
                            comments: [],
                        },
                    },
                ],
                ending: Missing(
                    Span {
                        start: 25,
                        end: 25,
                    },
                ),
            },
        ),
        span: Span {
            start: 7,
            end: 25,
        },
        comments: CommentGroup {
            comments: [],
        },
    },
]
---
[
    Diagnostic {
        kind: UnexpectedEndOfFile,
        severity: Error,
        span: Span {
            start: 25,
            end: 25,
        },
    },
]