[
    Statement {
        id: 2,
        kind: FullOpeningTag(
            FullOpeningTagStatement {
                span: Span {
                    start: 0,
                    end: 5,
                },
            },
        ),
        span: Span {
            start: 0,
            end: 5,
        },
        comments: CommentGroup {
            comments: [],
        },
    },
    Statement {
        id: 4,
        kind: Expression(
            ExpressionStatement {
                expression: Expression {
                    id: 3,
                    kind: ShortArray(
                        ShortArrayExpression {
                            start: Span {
                                start: 7,
                                end: 8,
                            },
                            items: CommaSeparated {
                                inner: [],
                                commas: [],
                            },
                            end: Span {
                                start: 8,
                                end: 9,
                            },
                        },
                    ),
                    span: Span {
                        start: 7,
                        end: 10,
                    },
                    comments: CommentGroup {
                        comments: [],
                    },
                },
                ending: Semicolon(
                    Span {
                        start: 9,
                        end: 10,
                    },
                ),
            },
        ),
        span: Span {
            start: 7,
            end: 10,
        },
        comments: CommentGroup {
            comments: [],
        },
    },
]
---
