[
    Statement {
        id: 2,
        kind: FullOpeningTag(
            FullOpeningTagStatement {
                span: Span {
                    start: 0,
                    end: 5,
                },
            },
        ),
        span: Span {
            start: 0,
            end: 5,
        },
        comments: CommentGroup {
            comments: [],
        },
    },
    Statement {
        id: 5,
        kind: UnitEnum(
            UnitEnumStatement {
                attributes: [
                    AttributeGroup {
                        span: Span {
                            start: 7,
                            end: 13,
                        },
                        members: [
                            Attribute {
                                span: Span {
                                    start: 9,
                                    end: 13,
                                },
                                name: SimpleIdentifier {
                                    id: 3,
                                    symbol: Symbol("Bar"),
                                    parts: [
                                        Symbol("Bar"),
                                    ],
                                    qualification: Unqualified,
                                    span: Span {
                                        start: 9,
                                        end: 12,
                                    },
                                },
                                arguments: None,
                            },
                        ],
                    },
                ],
                enum: Span {
                    start: 14,
                    end: 18,
                },
                name: SimpleIdentifier {
                    id: 4,
                    symbol: Symbol("Foo"),
                    parts: [
                        Symbol("Foo"),
                    ],
                    qualification: Unqualified,
                    span: Span {
                        start: 19,
                        end: 22,
                    },
                },
                implements: [],
                body: UnitEnumBody {
                    left_brace: Span {
                        start: 23,
                        end: 24,
                    },
                    members: [],
                    right_brace: Span {
                        start: 30,
                        end: 31,
                    },
                },
            },
        ),
        span: Span {
            start: 7,
            end: 31,
        },
        comments: CommentGroup {
            comments: [],
        },
    },
]
---
