[
    Statement {
        kind: FullOpeningTag(
            FullOpeningTagStatement {
                span: Span {
                    start: 0,
                    end: 5,
                },
            },
        ),
        span: Span {
            start: 0,
            end: 5,
        },
        comments: CommentGroup {
            comments: [],
        },
    },
    Statement {
        kind: Class(
            ClassStatement {
                attributes: [],
                modifiers: ClassModifierGroup {
                    modifiers: [
                        Final(
                            Span {
                                start: 7,
                                end: 12,
                            },
                        ),
                    ],
                },
                class: Span {
                    start: 13,
                    end: 18,
                },
                name: SimpleIdentifier {
                    symbol: Symbol("Foo"),
                    span: Span {
                        start: 19,
                        end: 22,
                    },
                },
                extends: None,
                implements: None,
                body: ClassBody {
                    left_brace: Span {
                        start: 23,
                        end: 24,
                    },
                    members: [],
                    right_brace: Span {
                        start: 24,
                        end: 25,
                    },
                },
            },
        ),
        span: Span {
            start: 7,
            end: 25,
        },
        comments: CommentGroup {
            comments: [],
        },
    },
]
---
