[
    Statement {
        id: 2,
        kind: FullOpeningTag(
            FullOpeningTagStatement {
                span: Span {
                    start: 0,
                    end: 5,
                },
            },
        ),
        span: Span {
            start: 0,
            end: 5,
        },
        comments: CommentGroup {
            comments: [],
        },
    },
    Statement {
        id: 4,
        kind: Expression(
            ExpressionStatement {
                expression: Expression {
                    id: 3,
                    kind: Literal(
                        Literal {
                            kind: Float,
                            token: Token {
                                kind: LiteralFloat,
                                span: Span {
                                    start: 7,
                                    end: 12,
                                },
                                symbol: Some(
                                    Symbol("1.234"),
                                ),
                            },
                        },
                    ),
                    span: Span {
                        start: 7,
                        end: 12,
                    },
                    comments: CommentGroup {
                        comments: [],
                    },
                },
                ending: Semicolon(
                    Span {
                        start: 12,
                        end: 13,
                    },
                ),
            },
        ),
        span: Span {
            start: 7,
            end: 13,
        },
        comments: CommentGroup {
            comments: [],
        },
    },
    Statement {
        id: 6,
        kind: Expression(
            ExpressionStatement {
                expression: Expression {
                    id: 5,
                    kind: Literal(
                        Literal {
                            kind: Float,
                            token: Token {
                                kind: LiteralFloat,
                                span: Span {
                                    start: 14,
                                    end: 23,
                                },
                                symbol: Some(
                                    Symbol("1_000.123"),
                                ),
                            },
                        },
                    ),
                    span: Span {
                        start: 14,
                        end: 23,
                    },
                    comments: CommentGroup {
                        comments: [],
                    },
                },
                ending: Semicolon(
                    Span {
                        start: 23,
                        end: 24,
                    },
                ),
            },
        ),
        span: Span {
            start: 14,
            end: 24,
        },
        comments: CommentGroup {
            comments: [],
        },
    },
]
---
