[
    Statement {
        id: 2,
        kind: FullOpeningTag(
            FullOpeningTagStatement {
                span: Span {
                    start: 0,
                    end: 5,
                },
            },
        ),
        span: Span {
            start: 0,
            end: 5,
        },
        comments: CommentGroup {
            comments: [],
        },
    },
    Statement {
        id: 18,
        kind: Expression(
            ExpressionStatement {
                expression: Expression {
                    id: 17,
                    kind: Heredoc(
                        HeredocExpression {
                            label: Symbol("<<<TXT
                            "),
                            parts: [
                                Literal(
                                    LiteralStringPart {
                                        value: Symbol("Hello, "),
                                    },
                                ),
                                Expression(
                                    ExpressionStringPart {
                                        expression: Expression {
                                            id: 4,
                                            kind: Variable(
                                                SimpleVariable(
                                                    SimpleVariable {
                                                        symbol: Symbol("$world"),
                                                        span: Span {
                                                            start: 21,
                                                            end: 27,
                                                        },
                                                    },
                                                ),
                                            ),
                                            span: Span {
                                                start: 21,
                                                end: 27,
                                            },
                                            comments: CommentGroup {
                                                comments: [],
                                            },
                                        },
                                    },
                                ),
                                Literal(
                                    LiteralStringPart {
                                        value: Symbol("!
                                        Hello, "),
                                    },
                                ),
                                Expression(
                                    ExpressionStringPart {
                                        expression: Expression {
                                            id: 5,
                                            kind: Variable(
                                                SimpleVariable(
                                                    SimpleVariable {
                                                        symbol: Symbol("$world"),
                                                        span: Span {
                                                            start: 37,
                                                            end: 43,
                                                        },
                                                    },
                                                ),
                                            ),
                                            span: Span {
                                                start: 37,
                                                end: 43,
                                            },
                                            comments: CommentGroup {
                                                comments: [],
                                            },
                                        },
                                    },
                                ),
                                Literal(
                                    LiteralStringPart {
                                        value: Symbol(".
                                        Hello, "),
                                    },
                                ),
                                Expression(
                                    ExpressionStringPart {
                                        expression: Expression {
                                            id: 9,
                                            kind: PropertyFetch(
                                                PropertyFetchExpression {
                                                    target: Expression {
                                                        id: 6,
                                                        kind: Variable(
                                                            SimpleVariable(
                                                                SimpleVariable {
                                                                    symbol: Symbol("$world"),
                                                                    span: Span {
                                                                        start: 54,
                                                                        end: 60,
                                                                    },
                                                                },
                                                            ),
                                                        ),
                                                        span: Span {
                                                            start: 54,
                                                            end: 60,
                                                        },
                                                        comments: CommentGroup {
                                                            comments: [],
                                                        },
                                                    },
                                                    arrow: Span {
                                                        start: 60,
                                                        end: 62,
                                                    },
                                                    property: Expression {
                                                        id: 8,
                                                        kind: Identifier(
                                                            SimpleIdentifier(
                                                                SimpleIdentifier {
                                                                    id: 7,
                                                                    symbol: Symbol("name"),
                                                                    span: Span {
                                                                        start: 62,
                                                                        end: 66,
                                                                    },
                                                                },
                                                            ),
                                                        ),
                                                        span: Span {
                                                            start: 62,
                                                            end: 66,
                                                        },
                                                        comments: CommentGroup {
                                                            comments: [],
                                                        },
                                                    },
                                                },
                                            ),
                                            span: Span {
                                                start: 60,
                                                end: 66,
                                            },
                                            comments: CommentGroup {
                                                comments: [],
                                            },
                                        },
                                    },
                                ),
                                Literal(
                                    LiteralStringPart {
                                        value: Symbol(".
                                        Hello, "),
                                    },
                                ),
                                Expression(
                                    ExpressionStringPart {
                                        expression: Expression {
                                            id: 13,
                                            kind: MethodCall(
                                                MethodCallExpression {
                                                    target: Expression {
                                                        id: 10,
                                                        kind: Variable(
                                                            SimpleVariable(
                                                                SimpleVariable {
                                                                    symbol: Symbol("$world"),
                                                                    span: Span {
                                                                        start: 77,
                                                                        end: 83,
                                                                    },
                                                                },
                                                            ),
                                                        ),
                                                        span: Span {
                                                            start: 77,
                                                            end: 83,
                                                        },
                                                        comments: CommentGroup {
                                                            comments: [],
                                                        },
                                                    },
                                                    arrow: Span {
                                                        start: 83,
                                                        end: 85,
                                                    },
                                                    method: Expression {
                                                        id: 12,
                                                        kind: Identifier(
                                                            SimpleIdentifier(
                                                                SimpleIdentifier {
                                                                    id: 11,
                                                                    symbol: Symbol("name"),
                                                                    span: Span {
                                                                        start: 85,
                                                                        end: 89,
                                                                    },
                                                                },
                                                            ),
                                                        ),
                                                        span: Span {
                                                            start: 85,
                                                            end: 89,
                                                        },
                                                        comments: CommentGroup {
                                                            comments: [],
                                                        },
                                                    },
                                                    arguments: ArgumentList {
                                                        comments: CommentGroup {
                                                            comments: [],
                                                        },
                                                        left_parenthesis: Span {
                                                            start: 89,
                                                            end: 90,
                                                        },
                                                        arguments: [],
                                                        right_parenthesis: Span {
                                                            start: 90,
                                                            end: 91,
                                                        },
                                                    },
                                                },
                                            ),
                                            span: Span {
                                                start: 83,
                                                end: 91,
                                            },
                                            comments: CommentGroup {
                                                comments: [],
                                            },
                                        },
                                    },
                                ),
                                Literal(
                                    LiteralStringPart {
                                        value: Symbol(".
                                        Hello, "),
                                    },
                                ),
                                Expression(
                                    ExpressionStringPart {
                                        expression: Expression {
                                            id: 16,
                                            kind: ArrayIndex(
                                                ArrayIndexExpression {
                                                    array: Expression {
                                                        id: 14,
                                                        kind: Variable(
                                                            SimpleVariable(
                                                                SimpleVariable {
                                                                    symbol: Symbol("$world"),
                                                                    span: Span {
                                                                        start: 102,
                                                                        end: 108,
                                                                    },
                                                                },
                                                            ),
                                                        ),
                                                        span: Span {
                                                            start: 102,
                                                            end: 108,
                                                        },
                                                        comments: CommentGroup {
                                                            comments: [],
                                                        },
                                                    },
                                                    left_bracket: Span {
                                                        start: 108,
                                                        end: 109,
                                                    },
                                                    index: Some(
                                                        Expression {
                                                            id: 15,
                                                            kind: Literal(
                                                                Literal {
                                                                    kind: Integer,
                                                                    token: Token {
                                                                        kind: LiteralInteger,
                                                                        span: Span {
                                                                            start: 109,
                                                                            end: 110,
                                                                        },
                                                                        symbol: Some(
                                                                            Symbol("0"),
                                                                        ),
                                                                    },
                                                                },
                                                            ),
                                                            span: Span {
                                                                start: 109,
                                                                end: 110,
                                                            },
                                                            comments: CommentGroup {
                                                                comments: [],
                                                            },
                                                        },
                                                    ),
                                                    right_bracket: Span {
                                                        start: 110,
                                                        end: 111,
                                                    },
                                                },
                                            ),
                                            span: Span {
                                                start: 108,
                                                end: 111,
                                            },
                                            comments: CommentGroup {
                                                comments: [],
                                            },
                                        },
                                    },
                                ),
                                Literal(
                                    LiteralStringPart {
                                        value: Symbol("."),
                                    },
                                ),
                            ],
                        },
                    ),
                    span: Span {
                        start: 7,
                        end: 117,
                    },
                    comments: CommentGroup {
                        comments: [],
                    },
                },
                ending: Semicolon(
                    Span {
                        start: 117,
                        end: 118,
                    },
                ),
            },
        ),
        span: Span {
            start: 7,
            end: 118,
        },
        comments: CommentGroup {
            comments: [],
        },
    },
]
---
