[
    Statement {
        id: 2,
        kind: FullOpeningTag(
            FullOpeningTagStatement {
                span: Span {
                    start: 0,
                    end: 5,
                },
            },
        ),
        span: Span {
            start: 0,
            end: 5,
        },
        comments: CommentGroup {
            comments: [],
        },
    },
    Statement {
        id: 4,
        kind: Expression(
            ExpressionStatement {
                expression: Expression {
                    id: 3,
                    kind: Literal(
                        Literal {
                            kind: Integer,
                            token: Token {
                                kind: LiteralInteger,
                                span: Span {
                                    start: 7,
                                    end: 8,
                                },
                                symbol: Some(
                                    Symbol("1"),
                                ),
                            },
                        },
                    ),
                    span: Span {
                        start: 7,
                        end: 8,
                    },
                    comments: CommentGroup {
                        comments: [],
                    },
                },
                ending: Semicolon(
                    Span {
                        start: 8,
                        end: 9,
                    },
                ),
            },
        ),
        span: Span {
            start: 7,
            end: 9,
        },
        comments: CommentGroup {
            comments: [],
        },
    },
    Statement {
        id: 6,
        kind: Expression(
            ExpressionStatement {
                expression: Expression {
                    id: 5,
                    kind: Literal(
                        Literal {
                            kind: Integer,
                            token: Token {
                                kind: LiteralInteger,
                                span: Span {
                                    start: 10,
                                    end: 14,
                                },
                                symbol: Some(
                                    Symbol("0123"),
                                ),
                            },
                        },
                    ),
                    span: Span {
                        start: 10,
                        end: 14,
                    },
                    comments: CommentGroup {
                        comments: [],
                    },
                },
                ending: Semicolon(
                    Span {
                        start: 14,
                        end: 15,
                    },
                ),
            },
        ),
        span: Span {
            start: 10,
            end: 15,
        },
        comments: CommentGroup {
            comments: [],
        },
    },
    Statement {
        id: 8,
        kind: Expression(
            ExpressionStatement {
                expression: Expression {
                    id: 7,
                    kind: Literal(
                        Literal {
                            kind: Integer,
                            token: Token {
                                kind: LiteralInteger,
                                span: Span {
                                    start: 16,
                                    end: 21,
                                },
                                symbol: Some(
                                    Symbol("0o123"),
                                ),
                            },
                        },
                    ),
                    span: Span {
                        start: 16,
                        end: 21,
                    },
                    comments: CommentGroup {
                        comments: [],
                    },
                },
                ending: Semicolon(
                    Span {
                        start: 21,
                        end: 22,
                    },
                ),
            },
        ),
        span: Span {
            start: 16,
            end: 22,
        },
        comments: CommentGroup {
            comments: [],
        },
    },
    Statement {
        id: 10,
        kind: Expression(
            ExpressionStatement {
                expression: Expression {
                    id: 9,
                    kind: Literal(
                        Literal {
                            kind: Integer,
                            token: Token {
                                kind: LiteralInteger,
                                span: Span {
                                    start: 23,
                                    end: 27,
                                },
                                symbol: Some(
                                    Symbol("0x1A"),
                                ),
                            },
                        },
                    ),
                    span: Span {
                        start: 23,
                        end: 27,
                    },
                    comments: CommentGroup {
                        comments: [],
                    },
                },
                ending: Semicolon(
                    Span {
                        start: 27,
                        end: 28,
                    },
                ),
            },
        ),
        span: Span {
            start: 23,
            end: 28,
        },
        comments: CommentGroup {
            comments: [],
        },
    },
    Statement {
        id: 12,
        kind: Expression(
            ExpressionStatement {
                expression: Expression {
                    id: 11,
                    kind: Literal(
                        Literal {
                            kind: Integer,
                            token: Token {
                                kind: LiteralInteger,
                                span: Span {
                                    start: 29,
                                    end: 39,
                                },
                                symbol: Some(
                                    Symbol("0b11111111"),
                                ),
                            },
                        },
                    ),
                    span: Span {
                        start: 29,
                        end: 39,
                    },
                    comments: CommentGroup {
                        comments: [],
                    },
                },
                ending: Semicolon(
                    Span {
                        start: 39,
                        end: 40,
                    },
                ),
            },
        ),
        span: Span {
            start: 29,
            end: 40,
        },
        comments: CommentGroup {
            comments: [],
        },
    },
    Statement {
        id: 14,
        kind: Expression(
            ExpressionStatement {
                expression: Expression {
                    id: 13,
                    kind: Literal(
                        Literal {
                            kind: Integer,
                            token: Token {
                                kind: LiteralInteger,
                                span: Span {
                                    start: 41,
                                    end: 50,
                                },
                                symbol: Some(
                                    Symbol("1_234_567"),
                                ),
                            },
                        },
                    ),
                    span: Span {
                        start: 41,
                        end: 50,
                    },
                    comments: CommentGroup {
                        comments: [],
                    },
                },
                ending: Semicolon(
                    Span {
                        start: 50,
                        end: 51,
                    },
                ),
            },
        ),
        span: Span {
            start: 41,
            end: 51,
        },
        comments: CommentGroup {
            comments: [],
        },
    },
]
---
