[
    Statement {
        id: 2,
        kind: FullOpeningTag(
            FullOpeningTagStatement {
                span: Span {
                    start: 0,
                    end: 5,
                },
            },
        ),
        span: Span {
            start: 0,
            end: 5,
        },
        comments: CommentGroup {
            comments: [],
        },
    },
    Statement {
        id: 6,
        kind: Interface(
            InterfaceStatement {
                attributes: [],
                interface: Span {
                    start: 7,
                    end: 16,
                },
                name: SimpleIdentifier {
                    id: 3,
                    symbol: Symbol("Foo"),
                    span: Span {
                        start: 17,
                        end: 20,
                    },
                },
                extends: None,
                body: InterfaceBody {
                    left_brace: Span {
                        start: 21,
                        end: 22,
                    },
                    members: [
                        AbstractMethod(
                            AbstractMethod {
                                comments: CommentGroup {
                                    comments: [],
                                },
                                attributes: [],
                                modifiers: MethodModifierGroup {
                                    modifiers: [],
                                },
                                function: Span {
                                    start: 27,
                                    end: 35,
                                },
                                ampersand: None,
                                name: SimpleIdentifier {
                                    id: 4,
                                    symbol: Symbol("a"),
                                    span: Span {
                                        start: 36,
                                        end: 37,
                                    },
                                },
                                parameters: FunctionParameterList {
                                    comments: CommentGroup {
                                        comments: [],
                                    },
                                    left_parenthesis: Span {
                                        start: 37,
                                        end: 38,
                                    },
                                    parameters: CommaSeparated {
                                        inner: [],
                                        commas: [],
                                    },
                                    right_parenthesis: Span {
                                        start: 38,
                                        end: 39,
                                    },
                                },
                                return_type: None,
                                semicolon: Span {
                                    start: 39,
                                    end: 40,
                                },
                            },
                        ),
                        AbstractMethod(
                            AbstractMethod {
                                comments: CommentGroup {
                                    comments: [],
                                },
                                attributes: [],
                                modifiers: MethodModifierGroup {
                                    modifiers: [
                                        Public(
                                            Span {
                                                start: 45,
                                                end: 51,
                                            },
                                        ),
                                    ],
                                },
                                function: Span {
                                    start: 52,
                                    end: 60,
                                },
                                ampersand: None,
                                name: SimpleIdentifier {
                                    id: 5,
                                    symbol: Symbol("b"),
                                    span: Span {
                                        start: 61,
                                        end: 62,
                                    },
                                },
                                parameters: FunctionParameterList {
                                    comments: CommentGroup {
                                        comments: [],
                                    },
                                    left_parenthesis: Span {
                                        start: 62,
                                        end: 63,
                                    },
                                    parameters: CommaSeparated {
                                        inner: [],
                                        commas: [],
                                    },
                                    right_parenthesis: Span {
                                        start: 63,
                                        end: 64,
                                    },
                                },
                                return_type: None,
                                semicolon: Span {
                                    start: 64,
                                    end: 65,
                                },
                            },
                        ),
                    ],
                    right_brace: Span {
                        start: 66,
                        end: 67,
                    },
                },
            },
        ),
        span: Span {
            start: 7,
            end: 67,
        },
        comments: CommentGroup {
            comments: [],
        },
    },
]
---
