[
    Statement {
        kind: FullOpeningTag(
            FullOpeningTagStatement {
                span: Span {
                    start: 0,
                    end: 5,
                },
            },
        ),
        span: Span {
            start: 0,
            end: 5,
        },
        comments: CommentGroup {
            comments: [],
        },
    },
    Statement {
        kind: Expression(
            ExpressionStatement {
                expression: Expression {
                    kind: Array(
                        ArrayExpression {
                            array: Span {
                                start: 7,
                                end: 12,
                            },
                            start: Span {
                                start: 12,
                                end: 13,
                            },
                            items: CommaSeparated {
                                inner: [
                                    Value {
                                        value: Expression {
                                            kind: Literal(
                                                Literal {
                                                    kind: Integer,
                                                    token: Token {
                                                        kind: LiteralInteger,
                                                        span: Span {
                                                            start: 13,
                                                            end: 14,
                                                        },
                                                        symbol: Some(
                                                            Symbol("1"),
                                                        ),
                                                    },
                                                },
                                            ),
                                            span: Span {
                                                start: 13,
                                                end: 14,
                                            },
                                            comments: CommentGroup {
                                                comments: [],
                                            },
                                        },
                                    },
                                ],
                                commas: [],
                            },
                            end: Span {
                                start: 14,
                                end: 15,
                            },
                        },
                    ),
                    span: Span {
                        start: 7,
                        end: 16,
                    },
                    comments: CommentGroup {
                        comments: [],
                    },
                },
                ending: Semicolon(
                    Span {
                        start: 15,
                        end: 16,
                    },
                ),
            },
        ),
        span: Span {
            start: 7,
            end: 16,
        },
        comments: CommentGroup {
            comments: [],
        },
    },
]
---
