[
    Statement {
        id: 2,
        kind: FullOpeningTag(
            FullOpeningTagStatement {
                span: Span {
                    start: 0,
                    end: 5,
                },
            },
        ),
        span: Span {
            start: 0,
            end: 5,
        },
        comments: CommentGroup {
            comments: [],
        },
    },
    Statement {
        id: 4,
        kind: Expression(
            ExpressionStatement {
                expression: Expression {
                    id: 3,
                    kind: MagicConstant(
                        Directory(
                            Span {
                                start: 7,
                                end: 14,
                            },
                        ),
                    ),
                    span: Span {
                        start: 7,
                        end: 14,
                    },
                    comments: CommentGroup {
                        comments: [],
                    },
                },
                ending: Semicolon(
                    Span {
                        start: 14,
                        end: 15,
                    },
                ),
            },
        ),
        span: Span {
            start: 7,
            end: 15,
        },
        comments: CommentGroup {
            comments: [],
        },
    },
    Statement {
        id: 6,
        kind: Expression(
            ExpressionStatement {
                expression: Expression {
                    id: 5,
                    kind: MagicConstant(
                        File(
                            Span {
                                start: 16,
                                end: 24,
                            },
                        ),
                    ),
                    span: Span {
                        start: 16,
                        end: 24,
                    },
                    comments: CommentGroup {
                        comments: [],
                    },
                },
                ending: Semicolon(
                    Span {
                        start: 24,
                        end: 25,
                    },
                ),
            },
        ),
        span: Span {
            start: 16,
            end: 25,
        },
        comments: CommentGroup {
            comments: [],
        },
    },
    Statement {
        id: 8,
        kind: Expression(
            ExpressionStatement {
                expression: Expression {
                    id: 7,
                    kind: MagicConstant(
                        Line(
                            Span {
                                start: 26,
                                end: 34,
                            },
                        ),
                    ),
                    span: Span {
                        start: 26,
                        end: 34,
                    },
                    comments: CommentGroup {
                        comments: [],
                    },
                },
                ending: Semicolon(
                    Span {
                        start: 34,
                        end: 35,
                    },
                ),
            },
        ),
        span: Span {
            start: 26,
            end: 35,
        },
        comments: CommentGroup {
            comments: [],
        },
    },
    Statement {
        id: 10,
        kind: Expression(
            ExpressionStatement {
                expression: Expression {
                    id: 9,
                    kind: MagicConstant(
                        Function(
                            Span {
                                start: 36,
                                end: 48,
                            },
                        ),
                    ),
                    span: Span {
                        start: 36,
                        end: 48,
                    },
                    comments: CommentGroup {
                        comments: [],
                    },
                },
                ending: Semicolon(
                    Span {
                        start: 48,
                        end: 49,
                    },
                ),
            },
        ),
        span: Span {
            start: 36,
            end: 49,
        },
        comments: CommentGroup {
            comments: [],
        },
    },
    Statement {
        id: 12,
        kind: Expression(
            ExpressionStatement {
                expression: Expression {
                    id: 11,
                    kind: MagicConstant(
                        Class(
                            Span {
                                start: 50,
                                end: 59,
                            },
                        ),
                    ),
                    span: Span {
                        start: 50,
                        end: 59,
                    },
                    comments: CommentGroup {
                        comments: [],
                    },
                },
                ending: Semicolon(
                    Span {
                        start: 59,
                        end: 60,
                    },
                ),
            },
        ),
        span: Span {
            start: 50,
            end: 60,
        },
        comments: CommentGroup {
            comments: [],
        },
    },
    Statement {
        id: 14,
        kind: Expression(
            ExpressionStatement {
                expression: Expression {
                    id: 13,
                    kind: MagicConstant(
                        Trait(
                            Span {
                                start: 61,
                                end: 70,
                            },
                        ),
                    ),
                    span: Span {
                        start: 61,
                        end: 70,
                    },
                    comments: CommentGroup {
                        comments: [],
                    },
                },
                ending: Semicolon(
                    Span {
                        start: 70,
                        end: 71,
                    },
                ),
            },
        ),
        span: Span {
            start: 61,
            end: 71,
        },
        comments: CommentGroup {
            comments: [],
        },
    },
    Statement {
        id: 16,
        kind: Expression(
            ExpressionStatement {
                expression: Expression {
                    id: 15,
                    kind: MagicConstant(
                        Method(
                            Span {
                                start: 72,
                                end: 82,
                            },
                        ),
                    ),
                    span: Span {
                        start: 72,
                        end: 82,
                    },
                    comments: CommentGroup {
                        comments: [],
                    },
                },
                ending: Semicolon(
                    Span {
                        start: 82,
                        end: 83,
                    },
                ),
            },
        ),
        span: Span {
            start: 72,
            end: 83,
        },
        comments: CommentGroup {
            comments: [],
        },
    },
    Statement {
        id: 18,
        kind: Expression(
            ExpressionStatement {
                expression: Expression {
                    id: 17,
                    kind: MagicConstant(
                        Namespace(
                            Span {
                                start: 84,
                                end: 97,
                            },
                        ),
                    ),
                    span: Span {
                        start: 84,
                        end: 97,
                    },
                    comments: CommentGroup {
                        comments: [],
                    },
                },
                ending: Semicolon(
                    Span {
                        start: 97,
                        end: 98,
                    },
                ),
            },
        ),
        span: Span {
            start: 84,
            end: 98,
        },
        comments: CommentGroup {
            comments: [],
        },
    },
]
---
