[
    Statement {
        id: 2,
        kind: FullOpeningTag(
            FullOpeningTagStatement {
                span: Span {
                    start: 0,
                    end: 5,
                },
            },
        ),
        span: Span {
            start: 0,
            end: 5,
        },
        comments: CommentGroup {
            comments: [],
        },
    },
    Statement {
        id: 6,
        kind: Class(
            ClassStatement {
                attributes: [],
                modifiers: ClassModifierGroup {
                    modifiers: [],
                },
                class: Span {
                    start: 7,
                    end: 12,
                },
                name: SimpleIdentifier {
                    id: 3,
                    symbol: Symbol("A"),
                    parts: [
                        Symbol("A"),
                    ],
                    qualification: Unqualified,
                    span: Span {
                        start: 13,
                        end: 14,
                    },
                },
                extends: None,
                implements: None,
                body: ClassBody {
                    left_brace: Span {
                        start: 15,
                        end: 16,
                    },
                    members: [
                        ConcreteMethod(
                            ConcreteMethod {
                                comments: CommentGroup {
                                    comments: [],
                                },
                                attributes: [],
                                modifiers: MethodModifierGroup {
                                    modifiers: [],
                                },
                                function: Span {
                                    start: 21,
                                    end: 29,
                                },
                                ampersand: None,
                                name: SimpleIdentifier {
                                    id: 4,
                                    symbol: Symbol("a"),
                                    parts: [
                                        Symbol("a"),
                                    ],
                                    qualification: Unqualified,
                                    span: Span {
                                        start: 30,
                                        end: 31,
                                    },
                                },
                                parameters: FunctionParameterList {
                                    comments: CommentGroup {
                                        comments: [],
                                    },
                                    left_parenthesis: Span {
                                        start: 31,
                                        end: 32,
                                    },
                                    parameters: CommaSeparated {
                                        inner: [
                                            FunctionParameter {
                                                comments: CommentGroup {
                                                    comments: [],
                                                },
                                                name: SimpleVariable {
                                                    symbol: Symbol("$a"),
                                                    span: Span {
                                                        start: 36,
                                                        end: 38,
                                                    },
                                                },
                                                attributes: [],
                                                data_type: Some(
                                                    DataType {
                                                        kind: Integer,
                                                        span: Span {
                                                            start: 32,
                                                            end: 35,
                                                        },
                                                    },
                                                ),
                                                ellipsis: None,
                                                default: Some(
                                                    Expression {
                                                        id: 5,
                                                        kind: Literal(
                                                            Literal {
                                                                kind: Integer,
                                                                token: Token {
                                                                    kind: LiteralInteger,
                                                                    span: Span {
                                                                        start: 41,
                                                                        end: 42,
                                                                    },
                                                                    symbol: Some(
                                                                        Symbol("2"),
                                                                    ),
                                                                },
                                                            },
                                                        ),
                                                        span: Span {
                                                            start: 41,
                                                            end: 42,
                                                        },
                                                        comments: CommentGroup {
                                                            comments: [],
                                                        },
                                                    },
                                                ),
                                                ampersand: None,
                                            },
                                        ],
                                        commas: [],
                                    },
                                    right_parenthesis: Span {
                                        start: 42,
                                        end: 43,
                                    },
                                },
                                return_type: None,
                                body: MethodBody {
                                    comments: CommentGroup {
                                        comments: [],
                                    },
                                    left_brace: Span {
                                        start: 44,
                                        end: 45,
                                    },
                                    statements: [],
                                    right_brace: Span {
                                        start: 59,
                                        end: 60,
                                    },
                                },
                            },
                        ),
                    ],
                    right_brace: Span {
                        start: 61,
                        end: 62,
                    },
                },
            },
        ),
        span: Span {
            start: 7,
            end: 62,
        },
        comments: CommentGroup {
            comments: [],
        },
    },
]
---
