[
    Statement {
        kind: FullOpeningTag(
            FullOpeningTagStatement {
                span: Span {
                    start: 0,
                    end: 5,
                },
            },
        ),
        span: Span {
            start: 0,
            end: 5,
        },
        comments: CommentGroup {
            comments: [],
        },
    },
    Statement {
        kind: Class(
            ClassStatement {
                attributes: [],
                modifiers: ClassModifierGroup {
                    modifiers: [],
                },
                class: Span {
                    start: 7,
                    end: 12,
                },
                name: Name {
                    kind: Resolved(
                        ResolvedName {
                            resolved: Symbol("A"),
                            original: Symbol("A"),
                        },
                    ),
                    span: Span {
                        start: 13,
                        end: 14,
                    },
                },
                extends: None,
                implements: None,
                body: ClassBody {
                    left_brace: Span {
                        start: 15,
                        end: 16,
                    },
                    members: [
                        ConcreteMethod(
                            ConcreteMethod {
                                comments: CommentGroup {
                                    comments: [],
                                },
                                attributes: [],
                                modifiers: MethodModifierGroup {
                                    modifiers: [
                                        Final(
                                            Span {
                                                start: 21,
                                                end: 26,
                                            },
                                        ),
                                        Public(
                                            Span {
                                                start: 27,
                                                end: 33,
                                            },
                                        ),
                                    ],
                                },
                                function: Span {
                                    start: 34,
                                    end: 42,
                                },
                                ampersand: None,
                                name: SimpleIdentifier {
                                    symbol: Symbol("a"),
                                    span: Span {
                                        start: 43,
                                        end: 44,
                                    },
                                },
                                parameters: FunctionParameterList {
                                    comments: CommentGroup {
                                        comments: [],
                                    },
                                    left_parenthesis: Span {
                                        start: 44,
                                        end: 45,
                                    },
                                    parameters: CommaSeparated {
                                        inner: [],
                                        commas: [],
                                    },
                                    right_parenthesis: Span {
                                        start: 45,
                                        end: 46,
                                    },
                                },
                                return_type: None,
                                body: MethodBody {
                                    comments: CommentGroup {
                                        comments: [],
                                    },
                                    left_brace: Span {
                                        start: 47,
                                        end: 48,
                                    },
                                    statements: [],
                                    right_brace: Span {
                                        start: 48,
                                        end: 49,
                                    },
                                },
                            },
                        ),
                    ],
                    right_brace: Span {
                        start: 50,
                        end: 51,
                    },
                },
            },
        ),
        span: Span {
            start: 7,
            end: 51,
        },
        comments: CommentGroup {
            comments: [],
        },
    },
]
---
