[
    Statement {
        id: 2,
        kind: FullOpeningTag(
            FullOpeningTagStatement {
                span: Span {
                    start: 0,
                    end: 5,
                },
            },
        ),
        span: Span {
            start: 0,
            end: 5,
        },
        comments: CommentGroup {
            comments: [],
        },
    },
    Statement {
        id: 5,
        kind: Expression(
            ExpressionStatement {
                expression: Expression {
                    id: 4,
                    kind: ArithmeticOperation(
                        PreDecrement {
                            decrement: Span {
                                start: 7,
                                end: 9,
                            },
                            right: Expression {
                                id: 3,
                                kind: Variable(
                                    SimpleVariable(
                                        SimpleVariable {
                                            symbol: Symbol("$a"),
                                            span: Span {
                                                start: 9,
                                                end: 11,
                                            },
                                        },
                                    ),
                                ),
                                span: Span {
                                    start: 9,
                                    end: 11,
                                },
                                comments: CommentGroup {
                                    comments: [],
                                },
                            },
                        },
                    ),
                    span: Span {
                        start: 7,
                        end: 11,
                    },
                    comments: CommentGroup {
                        comments: [],
                    },
                },
                ending: Semicolon(
                    Span {
                        start: 11,
                        end: 12,
                    },
                ),
            },
        ),
        span: Span {
            start: 7,
            end: 12,
        },
        comments: CommentGroup {
            comments: [],
        },
    },
]
---
