[
    Statement {
        id: 2,
        kind: FullOpeningTag(
            FullOpeningTagStatement {
                span: Span {
                    start: 0,
                    end: 5,
                },
            },
        ),
        span: Span {
            start: 0,
            end: 5,
        },
        comments: CommentGroup {
            comments: [],
        },
    },
    Statement {
        id: 4,
        kind: Class(
            ClassStatement {
                attributes: [],
                modifiers: ClassModifierGroup {
                    modifiers: [
                        Readonly(
                            Span {
                                start: 7,
                                end: 15,
                            },
                        ),
                    ],
                },
                class: Span {
                    start: 16,
                    end: 21,
                },
                name: SimpleIdentifier {
                    id: 3,
                    symbol: Symbol("Foo"),
                    span: Span {
                        start: 22,
                        end: 25,
                    },
                },
                extends: None,
                implements: None,
                body: ClassBody {
                    left_brace: Span {
                        start: 26,
                        end: 27,
                    },
                    members: [],
                    right_brace: Span {
                        start: 27,
                        end: 28,
                    },
                },
            },
        ),
        span: Span {
            start: 7,
            end: 28,
        },
        comments: CommentGroup {
            comments: [],
        },
    },
]
---
