[
    Statement {
        kind: FullOpeningTag(
            FullOpeningTagStatement {
                span: Span {
                    start: 0,
                    end: 5,
                },
            },
        ),
        span: Span {
            start: 0,
            end: 5,
        },
        comments: CommentGroup {
            comments: [],
        },
    },
    Statement {
        kind: Expression(
            ExpressionStatement {
                expression: Expression {
                    kind: Heredoc(
                        HeredocExpression {
                            label: Symbol("<<<TXT
                            "),
                            parts: [
                                Literal(
                                    LiteralStringPart {
                                        value: Symbol("Hello, world!
                                        
                                        This is a heredoc string."),
                                    },
                                ),
                            ],
                        },
                    ),
                    span: Span {
                        start: 7,
                        end: 58,
                    },
                    comments: CommentGroup {
                        comments: [],
                    },
                },
                ending: Semicolon(
                    Span {
                        start: 58,
                        end: 59,
                    },
                ),
            },
        ),
        span: Span {
            start: 7,
            end: 59,
        },
        comments: CommentGroup {
            comments: [],
        },
    },
]
---
