[
    Statement {
        kind: FullOpeningTag(
            FullOpeningTagStatement {
                span: Span {
                    start: 0,
                    end: 5,
                },
            },
        ),
        span: Span {
            start: 0,
            end: 5,
        },
        comments: CommentGroup {
            comments: [],
        },
    },
    Statement {
        kind: UnitEnum(
            UnitEnumStatement {
                attributes: [],
                enum: Span {
                    start: 7,
                    end: 11,
                },
                name: SimpleIdentifier {
                    symbol: Symbol("Foo"),
                    span: Span {
                        start: 12,
                        end: 15,
                    },
                },
                implements: [],
                body: UnitEnumBody {
                    left_brace: Span {
                        start: 16,
                        end: 17,
                    },
                    members: [],
                    right_brace: Span {
                        start: 17,
                        end: 18,
                    },
                },
            },
        ),
        span: Span {
            start: 7,
            end: 18,
        },
        comments: CommentGroup {
            comments: [],
        },
    },
]
---
