[
    Statement {
        id: 2,
        kind: FullOpeningTag(
            FullOpeningTagStatement {
                span: Span {
                    start: 0,
                    end: 5,
                },
            },
        ),
        span: Span {
            start: 0,
            end: 5,
        },
        comments: CommentGroup {
            comments: [],
        },
    },
    Statement {
        id: 5,
        kind: Expression(
            ExpressionStatement {
                expression: Expression {
                    id: 4,
                    kind: ShortArray(
                        ShortArrayExpression {
                            start: Span {
                                start: 7,
                                end: 8,
                            },
                            items: CommaSeparated {
                                inner: [
                                    Value {
                                        value: Expression {
                                            id: 3,
                                            kind: Literal(
                                                Literal {
                                                    kind: Integer,
                                                    token: Token {
                                                        kind: LiteralInteger,
                                                        span: Span {
                                                            start: 8,
                                                            end: 9,
                                                        },
                                                        symbol: Some(
                                                            Symbol("1"),
                                                        ),
                                                    },
                                                },
                                            ),
                                            span: Span {
                                                start: 8,
                                                end: 9,
                                            },
                                            comments: CommentGroup {
                                                comments: [],
                                            },
                                        },
                                    },
                                ],
                                commas: [],
                            },
                            end: Span {
                                start: 9,
                                end: 10,
                            },
                        },
                    ),
                    span: Span {
                        start: 7,
                        end: 11,
                    },
                    comments: CommentGroup {
                        comments: [],
                    },
                },
                ending: Semicolon(
                    Span {
                        start: 10,
                        end: 11,
                    },
                ),
            },
        ),
        span: Span {
            start: 7,
            end: 11,
        },
        comments: CommentGroup {
            comments: [],
        },
    },
]
---
