[
    Statement {
        id: 2,
        kind: FullOpeningTag(
            FullOpeningTagStatement {
                span: Span {
                    start: 0,
                    end: 5,
                },
            },
        ),
        span: Span {
            start: 0,
            end: 5,
        },
        comments: CommentGroup {
            comments: [],
        },
    },
    Statement {
        id: 6,
        kind: Expression(
            ExpressionStatement {
                expression: Expression {
                    id: 5,
                    kind: ArithmeticOperation(
                        Subtraction {
                            left: Expression {
                                id: 3,
                                kind: Literal(
                                    Literal {
                                        kind: Integer,
                                        token: Token {
                                            kind: LiteralInteger,
                                            span: Span {
                                                start: 7,
                                                end: 8,
                                            },
                                            symbol: Some(
                                                Symbol("1"),
                                            ),
                                        },
                                    },
                                ),
                                span: Span {
                                    start: 7,
                                    end: 8,
                                },
                                comments: CommentGroup {
                                    comments: [],
                                },
                            },
                            minus: Span {
                                start: 9,
                                end: 10,
                            },
                            right: Expression {
                                id: 4,
                                kind: Literal(
                                    Literal {
                                        kind: Integer,
                                        token: Token {
                                            kind: LiteralInteger,
                                            span: Span {
                                                start: 11,
                                                end: 12,
                                            },
                                            symbol: Some(
                                                Symbol("1"),
                                            ),
                                        },
                                    },
                                ),
                                span: Span {
                                    start: 11,
                                    end: 12,
                                },
                                comments: CommentGroup {
                                    comments: [],
                                },
                            },
                        },
                    ),
                    span: Span {
                        start: 11,
                        end: 12,
                    },
                    comments: CommentGroup {
                        comments: [],
                    },
                },
                ending: Semicolon(
                    Span {
                        start: 12,
                        end: 13,
                    },
                ),
            },
        ),
        span: Span {
            start: 7,
            end: 13,
        },
        comments: CommentGroup {
            comments: [],
        },
    },
]
---
