[
    Statement {
        id: 2,
        kind: FullOpeningTag(
            FullOpeningTagStatement {
                span: Span {
                    start: 0,
                    end: 5,
                },
            },
        ),
        span: Span {
            start: 0,
            end: 5,
        },
        comments: CommentGroup {
            comments: [],
        },
    },
    Statement {
        id: 5,
        kind: Trait(
            TraitStatement {
                trait: Span {
                    start: 7,
                    end: 12,
                },
                name: SimpleIdentifier {
                    id: 3,
                    symbol: Symbol("Foo"),
                    span: Span {
                        start: 13,
                        end: 16,
                    },
                },
                attributes: [],
                body: TraitBody {
                    left_brace: Span {
                        start: 17,
                        end: 18,
                    },
                    members: [
                        TraitUsage(
                            TraitUsage {
                                use: Span {
                                    start: 23,
                                    end: 26,
                                },
                                traits: [
                                    SimpleIdentifier {
                                        id: 4,
                                        symbol: Symbol("Bar"),
                                        span: Span {
                                            start: 27,
                                            end: 30,
                                        },
                                    },
                                ],
                                adaptations: [],
                            },
                        ),
                    ],
                    right_brace: Span {
                        start: 32,
                        end: 33,
                    },
                },
            },
        ),
        span: Span {
            start: 7,
            end: 33,
        },
        comments: CommentGroup {
            comments: [],
        },
    },
]
---
