[
    Statement {
        kind: FullOpeningTag(
            FullOpeningTagStatement {
                span: Span {
                    start: 0,
                    end: 5,
                },
            },
        ),
        span: Span {
            start: 0,
            end: 5,
        },
        comments: CommentGroup {
            comments: [],
        },
    },
    Statement {
        kind: Namespace(
            Unbraced(
                UnbracedNamespace {
                    start: Span {
                        start: 7,
                        end: 16,
                    },
                    name: SimpleIdentifier {
                        symbol: Symbol("Foo"),
                        span: Span {
                            start: 17,
                            end: 20,
                        },
                    },
                    end: Span {
                        start: 20,
                        end: 21,
                    },
                    statements: [],
                },
            ),
        ),
        span: Span {
            start: 7,
            end: 21,
        },
        comments: CommentGroup {
            comments: [],
        },
    },
]
---
